[20:50:50.570] [ms] install path success !
[20:50:56.722] [ms] install path success !
[20:50:56.737] [ERROR] No log generated. Link might be down.
[20:50:59.944] [ms] install path success !
[20:51:04.547] [ms] install path success !
[20:51:09.727] [Decoder] Running ITGDec on /dev/shm/itg_h11_h5_a9d8d31b.recv...
[20:51:09.734]     [Decoder] success dec recieve file
[20:51:09.739] REWARD PENALTY: Bandwidth cliff! 4.432495755 < 5
[20:51:13.865] [ms] install path success !
[20:51:19.220] [ms] install path success !
[20:51:24.000] [Decoder] Running ITGDec on /dev/shm/itg_h12_h9_aa42bf23.recv...
[20:51:24.007]     [Decoder] success dec recieve file
[20:51:24.010] REWARD PENALTY: Bandwidth cliff! 1.2876276539999998 < 5
[20:51:28.295] [ms] install path success !
[20:51:34.121] [ms] install path success !
[20:51:39.202] [Decoder] Running ITGDec on /dev/shm/itg_h4_h6_fadfaf80.recv...
[20:51:39.209]     [Decoder] success dec recieve file
[20:51:39.211] REWARD PENALTY: Bandwidth cliff! 3.377341667 < 5
[20:51:43.366] [ms] install path success !
[20:51:47.983] [ms] install path success !
[20:51:47.998] [ERROR] No log generated. Link might be down.
[20:51:53.509] [ms] install path success !
[20:52:04.683] [ms] install path success !
[20:52:04.698] [ERROR] No log generated. Link might be down.
[20:52:08.811] [ms] install path success !
[20:52:14.183] [ms] install path success !
[20:52:19.259] [Decoder] Running ITGDec on /dev/shm/itg_h1_h3_bf124b53.recv...
[20:52:19.266]     [Decoder] success dec recieve file
[20:52:19.268] REWARD PENALTY: Bandwidth cliff! 1.598214681 < 5
[20:52:27.225] [ms] install path success !
[20:52:31.207] [ms] install path success !
[20:52:35.536] [Decoder] Running ITGDec on /dev/shm/itg_h8_h5_f953d66a.recv...
[20:52:35.541]     [Decoder] success dec recieve file
[20:52:38.620] [ms] install path success !
[20:52:45.371] [ms] install path success !
[20:52:50.151] [Decoder] Running ITGDec on /dev/shm/itg_h6_h0_88cde51f.recv...
[20:52:50.157]     [Decoder] success dec recieve file
[20:52:50.160] REWARD PENALTY: Delay cliff! 59.25 > 50
[20:52:54.484] [ms] install path success !
[20:52:59.207] [ms] install path success !
[20:52:59.219] [ERROR] No log generated. Link might be down.
[20:53:02.236] [ms] install path success !
[20:53:06.585] [ms] install path success !
